0 verbose cli C:\Program Files\nodejs\node.exe C:\Program Files\nodejs\node_modules\npm\bin\npm-cli.js
1 info using npm@10.9.3
2 info using node@v22.18.0
3 silly config load:file:C:\Program Files\nodejs\node_modules\npm\npmrc
4 silly config load:file:C:\Users\User\OneDrive\Desktop\grafika\Ukrstene reci\.npmrc
5 silly config load:file:C:\Users\User\.npmrc
6 silly config load:file:C:\Users\User\AppData\Roaming\npm\etc\npmrc
7 verbose title npm audit
8 verbose argv "--strict-ssl" "false" "--cache" ".npm-cache" "audit" "--omit" "dev"
9 verbose logfile logs-max:10 dir:C:\Users\User\OneDrive\Desktop\grafika\Ukrstene reci\.npm-cache\_logs\2026-05-23T20_44_39_257Z-
10 verbose logfile C:\Users\User\OneDrive\Desktop\grafika\Ukrstene reci\.npm-cache\_logs\2026-05-23T20_44_39_257Z-debug-0.log
11 silly logfile done cleaning log files
12 silly packumentCache heap:4345298944 maxSize:1086324736 maxEntrySize:543162368
13 silly audit bulk request {
13 silly audit   '@esbuild/aix-ppc64': [ '0.21.5' ],
13 silly audit   '@esbuild/android-arm': [ '0.21.5' ],
13 silly audit   '@esbuild/android-arm64': [ '0.21.5' ],
13 silly audit   '@esbuild/android-x64': [ '0.21.5' ],
13 silly audit   '@esbuild/darwin-arm64': [ '0.21.5' ],
13 silly audit   '@esbuild/darwin-x64': [ '0.21.5' ],
13 silly audit   '@esbuild/freebsd-arm64': [ '0.21.5' ],
13 silly audit   '@esbuild/freebsd-x64': [ '0.21.5' ],
13 silly audit   '@esbuild/linux-arm': [ '0.21.5' ],
13 silly audit   '@esbuild/linux-arm64': [ '0.21.5' ],
13 silly audit   '@esbuild/linux-ia32': [ '0.21.5' ],
13 silly audit   '@esbuild/linux-loong64': [ '0.21.5' ],
13 silly audit   '@esbuild/linux-mips64el': [ '0.21.5' ],
13 silly audit   '@esbuild/linux-ppc64': [ '0.21.5' ],
13 silly audit   '@esbuild/linux-riscv64': [ '0.21.5' ],
13 silly audit   '@esbuild/linux-s390x': [ '0.21.5' ],
13 silly audit   '@esbuild/linux-x64': [ '0.21.5' ],
13 silly audit   '@esbuild/netbsd-x64': [ '0.21.5' ],
13 silly audit   '@esbuild/openbsd-x64': [ '0.21.5' ],
13 silly audit   '@esbuild/sunos-x64': [ '0.21.5' ],
13 silly audit   '@esbuild/win32-arm64': [ '0.21.5' ],
13 silly audit   '@esbuild/win32-ia32': [ '0.21.5' ],
13 silly audit   '@esbuild/win32-x64': [ '0.21.5' ],
13 silly audit   '@rollup/rollup-android-arm-eabi': [ '4.60.4' ],
13 silly audit   '@rollup/rollup-android-arm64': [ '4.60.4' ],
13 silly audit   '@rollup/rollup-darwin-arm64': [ '4.60.4' ],
13 silly audit   '@rollup/rollup-darwin-x64': [ '4.60.4' ],
13 silly audit   '@rollup/rollup-freebsd-arm64': [ '4.60.4' ],
13 silly audit   '@rollup/rollup-freebsd-x64': [ '4.60.4' ],
13 silly audit   '@rollup/rollup-linux-arm-gnueabihf': [ '4.60.4' ],
13 silly audit   '@rollup/rollup-linux-arm-musleabihf': [ '4.60.4' ],
13 silly audit   '@rollup/rollup-linux-arm64-gnu': [ '4.60.4' ],
13 silly audit   '@rollup/rollup-linux-arm64-musl': [ '4.60.4' ],
13 silly audit   '@rollup/rollup-linux-loong64-gnu': [ '4.60.4' ],
13 silly audit   '@rollup/rollup-linux-loong64-musl': [ '4.60.4' ],
13 silly audit   '@rollup/rollup-linux-ppc64-gnu': [ '4.60.4' ],
13 silly audit   '@rollup/rollup-linux-ppc64-musl': [ '4.60.4' ],
13 silly audit   '@rollup/rollup-linux-riscv64-gnu': [ '4.60.4' ],
13 silly audit   '@rollup/rollup-linux-riscv64-musl': [ '4.60.4' ],
13 silly audit   '@rollup/rollup-linux-s390x-gnu': [ '4.60.4' ],
13 silly audit   '@rollup/rollup-linux-x64-gnu': [ '4.60.4' ],
13 silly audit   '@rollup/rollup-linux-x64-musl': [ '4.60.4' ],
13 silly audit   '@rollup/rollup-openbsd-x64': [ '4.60.4' ],
13 silly audit   '@rollup/rollup-openharmony-arm64': [ '4.60.4' ],
13 silly audit   '@rollup/rollup-win32-arm64-msvc': [ '4.60.4' ],
13 silly audit   '@rollup/rollup-win32-ia32-msvc': [ '4.60.4' ],
13 silly audit   '@rollup/rollup-win32-x64-gnu': [ '4.60.4' ],
13 silly audit   '@rollup/rollup-win32-x64-msvc': [ '4.60.4' ],
13 silly audit   '@types/estree': [ '1.0.8' ],
13 silly audit   esbuild: [ '0.21.5' ],
13 silly audit   fsevents: [ '2.3.3' ],
13 silly audit   'js-tokens': [ '4.0.0' ],
13 silly audit   'loose-envify': [ '1.4.0' ],
13 silly audit   nanoid: [ '3.3.12' ],
13 silly audit   picocolors: [ '1.1.1' ],
13 silly audit   postcss: [ '8.5.15' ],
13 silly audit   react: [ '18.3.1' ],
13 silly audit   'react-dom': [ '18.3.1' ],
13 silly audit   rollup: [ '4.60.4' ],
13 silly audit   scheduler: [ '0.23.2' ],
13 silly audit   'source-map-js': [ '1.2.1' ],
13 silly audit   vite: [ '5.4.21' ]
13 silly audit }
14 http fetch POST 200 https://registry.npmjs.org/-/npm/v1/security/advisories/bulk 413ms
15 silly audit report {
15 silly audit report   esbuild: [
15 silly audit report     {
15 silly audit report       id: 1102341,
15 silly audit report       url: 'https://github.com/advisories/GHSA-67mh-4wv8-2f99',
15 silly audit report       title: 'esbuild enables any website to send any requests to the development server and read the response',
15 silly audit report       severity: 'moderate',
15 silly audit report       vulnerable_versions: '<=0.24.2',
15 silly audit report       cwe: [Array],
15 silly audit report       cvss: [Object]
15 silly audit report     }
15 silly audit report   ],
15 silly audit report   vite: [
15 silly audit report     {
15 silly audit report       id: 1116229,
15 silly audit report       url: 'https://github.com/advisories/GHSA-4w7w-66w2-5vf9',
15 silly audit report       title: 'Vite Vulnerable to Path Traversal in Optimized Deps `.map` Handling',
15 silly audit report       severity: 'moderate',
15 silly audit report       vulnerable_versions: '<=6.4.1',
15 silly audit report       cwe: [Array],
15 silly audit report       cvss: [Object]
15 silly audit report     }
15 silly audit report   ]
15 silly audit report }
16 silly packumentCache corgi:https://registry.npmjs.org/esbuild cache-miss
17 silly packumentCache corgi:https://registry.npmjs.org/vite cache-miss
18 http cache https://registry.npmjs.org/esbuild 23ms (cache hit)
19 silly packumentCache corgi:https://registry.npmjs.org/esbuild set size:885757 disposed:false
20 http cache https://registry.npmjs.org/vite 35ms (cache hit)
21 silly packumentCache corgi:https://registry.npmjs.org/vite set size:2249718 disposed:false
22 verbose cwd C:\Users\User\OneDrive\Desktop\grafika\Ukrstene reci
23 verbose os Windows_NT 10.0.26200
24 verbose node v22.18.0
25 verbose npm  v10.9.3
26 verbose exit 1
27 verbose code 1
