[INFO] Scanning for projects...
Downloading from central: https://repo.maven.apache.org/maven2/io/github/git-commit-id/maven-metadata.xml
Downloading from central: https://repo.maven.apache.org/maven2/org/cyclonedx/maven-metadata.xml
Downloading from central: https://repo.maven.apache.org/maven2/org/springframework/boot/maven-metadata.xml
Downloading from central: https://repo.maven.apache.org/maven2/org/flywaydb/maven-metadata.xml
Downloading from central: https://repo.maven.apache.org/maven2/org/liquibase/maven-metadata.xml
Downloading from central: https://repo.maven.apache.org/maven2/org/jetbrains/kotlin/maven-metadata.xml
Downloading from central: https://repo.maven.apache.org/maven2/org/jooq/maven-metadata.xml
Downloading from central: https://repo.maven.apache.org/maven2/org/graalvm/buildtools/maven-metadata.xml
Downloading from central: https://repo.maven.apache.org/maven2/org/codehaus/mojo/maven-metadata.xml
Downloading from central: https://repo.maven.apache.org/maven2/org/apache/maven/plugins/maven-metadata.xml
[WARNING] Could not transfer metadata org.springframework.boot/maven-metadata.xml from/to central (https://repo.maven.apache.org/maven2): (certificate_unknown) PKIX path building failed: sun.security.provider.certpath.SunCertPathBuilderException: unable to find valid certification path to requested target
[WARNING] Could not transfer metadata org.cyclonedx/maven-metadata.xml from/to central (https://repo.maven.apache.org/maven2): (certificate_unknown) PKIX path building failed: sun.security.provider.certpath.SunCertPathBuilderException: unable to find valid certification path to requested target
[WARNING] Could not transfer metadata org.flywaydb/maven-metadata.xml from/to central (https://repo.maven.apache.org/maven2): (certificate_unknown) PKIX path building failed: sun.security.provider.certpath.SunCertPathBuilderException: unable to find valid certification path to requested target
[WARNING] Could not transfer metadata io.github.git-commit-id/maven-metadata.xml from/to central (https://repo.maven.apache.org/maven2): (certificate_unknown) PKIX path building failed: sun.security.provider.certpath.SunCertPathBuilderException: unable to find valid certification path to requested target
[WARNING] Could not transfer metadata org.jooq/maven-metadata.xml from/to central (https://repo.maven.apache.org/maven2): (certificate_unknown) PKIX path building failed: sun.security.provider.certpath.SunCertPathBuilderException: unable to find valid certification path to requested target
[WARNING] Could not transfer metadata org.jetbrains.kotlin/maven-metadata.xml from/to central (https://repo.maven.apache.org/maven2): (certificate_unknown) PKIX path building failed: sun.security.provider.certpath.SunCertPathBuilderException: unable to find valid certification path to requested target
[WARNING] Could not transfer metadata org.liquibase/maven-metadata.xml from/to central (https://repo.maven.apache.org/maven2): (certificate_unknown) PKIX path building failed: sun.security.provider.certpath.SunCertPathBuilderException: unable to find valid certification path to requested target
[WARNING] Could not transfer metadata org.graalvm.buildtools/maven-metadata.xml from/to central (https://repo.maven.apache.org/maven2): (certificate_unknown) PKIX path building failed: sun.security.provider.certpath.SunCertPathBuilderException: unable to find valid certification path to requested target
[WARNING] Could not transfer metadata org.apache.maven.plugins/maven-metadata.xml from/to central (https://repo.maven.apache.org/maven2): (certificate_unknown) PKIX path building failed: sun.security.provider.certpath.SunCertPathBuilderException: unable to find valid certification path to requested target
[WARNING] Could not transfer metadata org.codehaus.mojo/maven-metadata.xml from/to central (https://repo.maven.apache.org/maven2): (certificate_unknown) PKIX path building failed: sun.security.provider.certpath.SunCertPathBuilderException: unable to find valid certification path to requested target
[INFO] 
[INFO] -----------------< com.example:ukrstene-reci-backend >------------------
[INFO] Building ukrstene-reci-backend 0.0.1-SNAPSHOT
[INFO]   from pom.xml
[INFO] --------------------------------[ jar ]---------------------------------
[WARNING] org.springframework.boot/maven-metadata.xml failed to transfer from https://repo.maven.apache.org/maven2 during a previous attempt. This failure was cached in the local repository and resolution will not be reattempted until the update interval of central has elapsed or updates are forced. Original error: Could not transfer metadata org.springframework.boot/maven-metadata.xml from/to central (https://repo.maven.apache.org/maven2): (certificate_unknown) PKIX path building failed: sun.security.provider.certpath.SunCertPathBuilderException: unable to find valid certification path to requested target
[WARNING] org.cyclonedx/maven-metadata.xml failed to transfer from https://repo.maven.apache.org/maven2 during a previous attempt. This failure was cached in the local repository and resolution will not be reattempted until the update interval of central has elapsed or updates are forced. Original error: Could not transfer metadata org.cyclonedx/maven-metadata.xml from/to central (https://repo.maven.apache.org/maven2): (certificate_unknown) PKIX path building failed: sun.security.provider.certpath.SunCertPathBuilderException: unable to find valid certification path to requested target
[WARNING] org.flywaydb/maven-metadata.xml failed to transfer from https://repo.maven.apache.org/maven2 during a previous attempt. This failure was cached in the local repository and resolution will not be reattempted until the update interval of central has elapsed or updates are forced. Original error: Could not transfer metadata org.flywaydb/maven-metadata.xml from/to central (https://repo.maven.apache.org/maven2): (certificate_unknown) PKIX path building failed: sun.security.provider.certpath.SunCertPathBuilderException: unable to find valid certification path to requested target
[WARNING] io.github.git-commit-id/maven-metadata.xml failed to transfer from https://repo.maven.apache.org/maven2 during a previous attempt. This failure was cached in the local repository and resolution will not be reattempted until the update interval of central has elapsed or updates are forced. Original error: Could not transfer metadata io.github.git-commit-id/maven-metadata.xml from/to central (https://repo.maven.apache.org/maven2): (certificate_unknown) PKIX path building failed: sun.security.provider.certpath.SunCertPathBuilderException: unable to find valid certification path to requested target
[WARNING] org.jooq/maven-metadata.xml failed to transfer from https://repo.maven.apache.org/maven2 during a previous attempt. This failure was cached in the local repository and resolution will not be reattempted until the update interval of central has elapsed or updates are forced. Original error: Could not transfer metadata org.jooq/maven-metadata.xml from/to central (https://repo.maven.apache.org/maven2): (certificate_unknown) PKIX path building failed: sun.security.provider.certpath.SunCertPathBuilderException: unable to find valid certification path to requested target
[WARNING] org.jetbrains.kotlin/maven-metadata.xml failed to transfer from https://repo.maven.apache.org/maven2 during a previous attempt. This failure was cached in the local repository and resolution will not be reattempted until the update interval of central has elapsed or updates are forced. Original error: Could not transfer metadata org.jetbrains.kotlin/maven-metadata.xml from/to central (https://repo.maven.apache.org/maven2): (certificate_unknown) PKIX path building failed: sun.security.provider.certpath.SunCertPathBuilderException: unable to find valid certification path to requested target
[WARNING] org.liquibase/maven-metadata.xml failed to transfer from https://repo.maven.apache.org/maven2 during a previous attempt. This failure was cached in the local repository and resolution will not be reattempted until the update interval of central has elapsed or updates are forced. Original error: Could not transfer metadata org.liquibase/maven-metadata.xml from/to central (https://repo.maven.apache.org/maven2): (certificate_unknown) PKIX path building failed: sun.security.provider.certpath.SunCertPathBuilderException: unable to find valid certification path to requested target
[WARNING] org.graalvm.buildtools/maven-metadata.xml failed to transfer from https://repo.maven.apache.org/maven2 during a previous attempt. This failure was cached in the local repository and resolution will not be reattempted until the update interval of central has elapsed or updates are forced. Original error: Could not transfer metadata org.graalvm.buildtools/maven-metadata.xml from/to central (https://repo.maven.apache.org/maven2): (certificate_unknown) PKIX path building failed: sun.security.provider.certpath.SunCertPathBuilderException: unable to find valid certification path to requested target
[WARNING] org.apache.maven.plugins/maven-metadata.xml failed to transfer from https://repo.maven.apache.org/maven2 during a previous attempt. This failure was cached in the local repository and resolution will not be reattempted until the update interval of central has elapsed or updates are forced. Original error: Could not transfer metadata org.apache.maven.plugins/maven-metadata.xml from/to central (https://repo.maven.apache.org/maven2): (certificate_unknown) PKIX path building failed: sun.security.provider.certpath.SunCertPathBuilderException: unable to find valid certification path to requested target
[WARNING] org.codehaus.mojo/maven-metadata.xml failed to transfer from https://repo.maven.apache.org/maven2 during a previous attempt. This failure was cached in the local repository and resolution will not be reattempted until the update interval of central has elapsed or updates are forced. Original error: Could not transfer metadata org.codehaus.mojo/maven-metadata.xml from/to central (https://repo.maven.apache.org/maven2): (certificate_unknown) PKIX path building failed: sun.security.provider.certpath.SunCertPathBuilderException: unable to find valid certification path to requested target
[INFO] 
[INFO] >>> spring-boot:4.0.3:run (default-cli) > test-compile @ ukrstene-reci-backend >>>
[INFO] 
[INFO] --- resources:3.3.1:resources (default-resources) @ ukrstene-reci-backend ---
[INFO] Copying 1 resource from src\main\resources to target\classes
[INFO] Copying 0 resource from src\main\resources to target\classes
[INFO] 
[INFO] --- compiler:3.14.1:compile (default-compile) @ ukrstene-reci-backend ---
[INFO] Nothing to compile - all classes are up to date.
[INFO] 
[INFO] --- resources:3.3.1:testResources (default-testResources) @ ukrstene-reci-backend ---
[INFO] skip non existing resourceDirectory C:\Users\User\OneDrive\Desktop\grafika\Ukrstene reci localhost\backend\src\test\resources
[INFO] 
[INFO] --- compiler:3.14.1:testCompile (default-testCompile) @ ukrstene-reci-backend ---
[INFO] No sources to compile
[INFO] 
[INFO] <<< spring-boot:4.0.3:run (default-cli) < test-compile @ ukrstene-reci-backend <<<
[INFO] 
[INFO] 
[INFO] --- spring-boot:4.0.3:run (default-cli) @ ukrstene-reci-backend ---
[INFO] Attaching agents: []

  .   ____          _            __ _ _
 /\\ / ___'_ __ _ _(_)_ __  __ _ \ \ \ \
( ( )\___ | '_ | '_| | '_ \/ _` | \ \ \ \
 \\/  ___)| |_)| | | | | || (_| |  ) ) ) )
  '  |____| .__|_| |_|_| |_\__, | / / / /
 =========|_|==============|___/=/_/_/_/

 :: Spring Boot ::                (v4.0.3)

2026-07-07T13:39:26.129+02:00  INFO 24344 --- [UkrsteneReci] [           main] c.e.u.UkrsteneReciApplication            : Starting UkrsteneReciApplication using Java 21.0.11 with PID 24344 (C:\Users\User\OneDrive\Desktop\grafika\Ukrstene reci localhost\backend\target\classes started by User in C:\Users\User\OneDrive\Desktop\grafika\Ukrstene reci localhost\backend)
2026-07-07T13:39:26.134+02:00  INFO 24344 --- [UkrsteneReci] [           main] c.e.u.UkrsteneReciApplication            : No active profile set, falling back to 1 default profile: "default"
2026-07-07T13:39:27.422+02:00  INFO 24344 --- [UkrsteneReci] [           main] o.s.boot.tomcat.TomcatWebServer          : Tomcat initialized with port 8082 (http)
2026-07-07T13:39:27.442+02:00  INFO 24344 --- [UkrsteneReci] [           main] o.apache.catalina.core.StandardService   : Starting service [Tomcat]
2026-07-07T13:39:27.443+02:00  INFO 24344 --- [UkrsteneReci] [           main] o.apache.catalina.core.StandardEngine    : Starting Servlet engine: [Apache Tomcat/11.0.18]
2026-07-07T13:39:27.532+02:00  INFO 24344 --- [UkrsteneReci] [           main] b.w.c.s.WebApplicationContextInitializer : Root WebApplicationContext: initialization completed in 1306 ms
2026-07-07T13:39:28.124+02:00  INFO 24344 --- [UkrsteneReci] [           main] o.s.boot.tomcat.TomcatWebServer          : Tomcat started on port 8082 (http) with context path '/'
2026-07-07T13:39:28.133+02:00  INFO 24344 --- [UkrsteneReci] [           main] c.e.u.UkrsteneReciApplication            : Started UkrsteneReciApplication in 2.604 seconds (process running for 3.103)
2026-07-07T13:39:29.804+02:00  INFO 24344 --- [UkrsteneReci] [0.0-8082-exec-1] o.a.c.c.C.[Tomcat].[localhost].[/]       : Initializing Spring DispatcherServlet 'dispatcherServlet'
2026-07-07T13:39:29.806+02:00  INFO 24344 --- [UkrsteneReci] [0.0-8082-exec-1] o.s.web.servlet.DispatcherServlet        : Initializing Servlet 'dispatcherServlet'
2026-07-07T13:39:29.808+02:00  INFO 24344 --- [UkrsteneReci] [0.0-8082-exec-1] o.s.web.servlet.DispatcherServlet        : Completed initialization in 2 ms
2026-07-07T13:39:29.884+02:00  INFO 24344 --- [UkrsteneReci] [0.0-8082-exec-1] com.zaxxer.hikari.HikariDataSource       : ukrstene-pool - Starting...
2026-07-07T13:39:30.223+02:00  INFO 24344 --- [UkrsteneReci] [0.0-8082-exec-1] com.zaxxer.hikari.pool.HikariPool        : ukrstene-pool - Added connection com.mysql.cj.jdbc.ConnectionImpl@1c5afb58
2026-07-07T13:39:30.227+02:00  INFO 24344 --- [UkrsteneReci] [0.0-8082-exec-1] com.zaxxer.hikari.HikariDataSource       : ukrstene-pool - Start completed.
[INFO] ------------------------------------------------------------------------
[INFO] BUILD FAILURE
[INFO] ------------------------------------------------------------------------
[INFO] Total time:  01:54 min
[INFO] Finished at: 2026-07-07T13:41:10+02:00
[INFO] ------------------------------------------------------------------------
[ERROR] Failed to execute goal org.springframework.boot:spring-boot-maven-plugin:4.0.3:run (default-cli) on project ukrstene-reci-backend: Process terminated with exit code: -1 -> [Help 1]
[ERROR] 
[ERROR] To see the full stack trace of the errors, re-run Maven with the -e switch.
[ERROR] Re-run Maven using the -X switch to enable full debug logging.
[ERROR] 
[ERROR] For more information about the errors and possible solutions, please read the following articles:
[ERROR] [Help 1] http://cwiki.apache.org/confluence/display/MAVEN/MojoExecutionException
